// Jest Snapshot v1, https://goo.gl/fbAQLP

exports[`Snapshot Test for App component matches snapshot 1`] = `
<DocumentFragment>
  <div
    class="App"
  >
    <div
      class="Navbar-Container-Left"
    >
      <div
        class="Navbar-Search-Box"
      >
        <span
          class="Hover-Box"
          style="display: inline-block; transform: scale(1);"
        >
          <a
            aria-current="page"
            class="Navbar-Search active"
            href="/"
          >
            LYRCS
          </a>
        </span>
      </div>
    </div>
    <div
      class="Navbar-Container-Right"
    >
      <div
        class="Navbar-Browse-Box"
      >
        <span
          class="Hover-Box"
          style="display: inline-block; transform: scale(1);"
        >
          <svg
            class="sc-bdVaJa fUuvxv Navbar-Browse"
            fill="#fff"
            height="35px"
            rotate="0"
            viewBox="0 0 1024 1024"
            width="35px"
          >
            <path
              d="M128 768h768v-85.332h-768v85.332zM128 554.668h768v-85.334h-768v85.334zM128 256v85.33h768v-85.33h-768z"
            />
          </svg>
        </span>
      </div>
    </div>
    <div
      class="main"
    >
      <div
        class="Flash-Messages-Container"
      />
      <div
        style="background-color: rgb(29, 77, 190);"
      >
        <div
          style="opacity: 0;"
        >
          <div
            class="Search-Field"
          >
            <div
              class="Search-Field-Content"
            >
              <h1
                class="Search-Landing"
              >
                Find your song!
              </h1>
              <form
                class="Search-Input-Container"
              >
                <div>
                  <input
                    class="Search-Landing-Text"
                    id="SearchVal"
                    name="searchVal"
                    type="text"
                    value=""
                  />
                  <button
                    type="submit"
                  >
                    <span
                      class="Hover-Box"
                      style="display: inline-block; transform: scale(1);"
                    >
                      <i
                        class="fa fa-search icon Search-Landing-Button"
                      />
                    </span>
                  </button>
                </div>
              </form>
            </div>
            <div
              class="Search-Field-Filler"
            />
          </div>
        </div>
      </div>
    </div>
  </div>
</DocumentFragment>
`;
