// Jest Snapshot v1, https://goo.gl/fbAQLP

exports[`Snapshot Test for BrowseByArtists component matches snapshot 1`] = `
<DocumentFragment>
  <div
    class="Flash-Messages-Container"
  />
  <div
    style="background-color: rgb(78, 30, 255);"
  >
    <div
      class="Browse-Landing"
    >
      <span
        class="Hover-Box"
        style="display: inline-block; transform: scale(1);"
      >
        <p
          class="Browse-Categories"
        >
          Artists
        </p>
      </span>
      <span
        class="Hover-Box"
        style="display: inline-block; transform: scale(1);"
      >
        <p
          class="Browse-Categories"
        >
          Genre
        </p>
      </span>
      <span
        class="Hover-Box"
        style="display: inline-block; transform: scale(1);"
      >
        <p
          class="Browse-Categories"
        >
          Danceability
        </p>
      </span>
    </div>
  </div>
  <div
    style="background-color: rgb(78, 30, 255);"
  >
    <div
      class="Main-Container"
    >
      <div
        class="Result-Box"
      >
        <div
          class="Loading-Box"
        />
        <div
          class="Main-Result-Container"
        >
          <span
            class="Hover-Box"
            style="display: inline-block; transform: scale(1);"
          >
            <p
              class="Result-Main Artist-Artists"
            />
          </span>
        </div>
      </div>
    </div>
  </div>
</DocumentFragment>
`;
